---
http_interactions:
- request:
    method: post
    uri: https://dashboard.meraki.com/api/v0//organizations/dashboard_org_id/networks
    body:
      encoding: UTF-8
      string: '{"name":"DELETE ME","type":"phone"}'
    headers:
      X-Cisco-Meraki-Api-Key:
      - dashboard_api_key
      Content-Type:
      - application/json
  response:
    status:
      code: 308
      message: 
    headers:
      Server:
      - nginx
      Date:
      - Sun, 20 Nov 2016 19:01:01 GMT
      Content-Type:
      - text/html; charset=utf-8
      Transfer-Encoding:
      - chunked
      Connection:
      - keep-alive
      Cache-Control:
      - no-cache, no-store, max-age=0, must-revalidate
      Pragma:
      - no-cache
      Expires:
      - Fri, 01 Jan 1990 00:00:00 GMT
      X-Frame-Options:
      - sameorigin
      Location:
      - https://shard_id.meraki.com/api/v0/organizations/dashboard_org_id/networks
      X-Ua-Compatible:
      - IE=Edge,chrome=1
      X-Request-Id:
      - 57346dd9d10dc16c6ce50040dc2a2a71
      X-Runtime:
      - '0.019691'
      X-Rack-Cache:
      - invalidate, pass
    body:
      encoding: UTF-8
      string: <html><body>You are being <a href="https://shard_id.meraki.com/api/v0/organizations/dashboard_org_id/networks">redirected</a>.</body></html>
    http_version: 
  recorded_at: Sun, 20 Nov 2016 19:01:01 GMT
- request:
    method: post
    uri: https://shard_id.meraki.com/api/v0/organizations/dashboard_org_id/networks
    body:
      encoding: UTF-8
      string: '{"name":"DELETE ME","type":"phone"}'
    headers:
      X-Cisco-Meraki-Api-Key:
      - dashboard_api_key
      Content-Type:
      - application/json
  response:
    status:
      code: 201
      message: Created
    headers:
      Server:
      - nginx
      Date:
      - Sun, 20 Nov 2016 19:01:01 GMT
      Content-Type:
      - application/json; charset=utf-8
      Transfer-Encoding:
      - chunked
      Connection:
      - keep-alive
      Cache-Control:
      - no-cache, no-store, max-age=0, must-revalidate
      Pragma:
      - no-cache
      Expires:
      - Fri, 01 Jan 1990 00:00:00 GMT
      X-Frame-Options:
      - sameorigin
      X-Ua-Compatible:
      - IE=Edge,chrome=1
      X-Request-Id:
      - 2bfd7acfc8d1610978dfead85eb9a2ae
      X-Runtime:
      - '0.118683'
      X-Rack-Cache:
      - invalidate, pass
      Strict-Transport-Security:
      - max-age=15552000; includeSubDomains
    body:
      encoding: UTF-8
      string: '{"id":"N_613052499275828827","organizationId":"dashboard_org_id","type":"phone","name":"DELETE
        ME","timeZone":"America/Los_Angeles","tags":""}'
    http_version: 
  recorded_at: Sun, 20 Nov 2016 19:01:01 GMT
- request:
    method: post
    uri: https://dashboard.meraki.com/api/v0//networks/N_613052499275828827/phoneContacts
    body:
      encoding: UTF-8
      string: '{"name":"API add_contact"}'
    headers:
      X-Cisco-Meraki-Api-Key:
      - dashboard_api_key
      Content-Type:
      - application/json
  response:
    status:
      code: 308
      message: 
    headers:
      Server:
      - nginx
      Date:
      - Sun, 20 Nov 2016 19:01:04 GMT
      Content-Type:
      - text/html; charset=utf-8
      Transfer-Encoding:
      - chunked
      Connection:
      - keep-alive
      Cache-Control:
      - no-cache, no-store, max-age=0, must-revalidate
      Pragma:
      - no-cache
      Expires:
      - Fri, 01 Jan 1990 00:00:00 GMT
      X-Frame-Options:
      - sameorigin
      Location:
      - https://shard_id.meraki.com/api/v0/networks/N_613052499275828827/phoneContacts
      X-Ua-Compatible:
      - IE=Edge,chrome=1
      X-Request-Id:
      - a3c694f664829ad656cc6d869018f150
      X-Runtime:
      - '0.113485'
      X-Rack-Cache:
      - invalidate, pass
    body:
      encoding: UTF-8
      string: <html><body>You are being <a href="https://shard_id.meraki.com/api/v0/networks/N_613052499275828827/phoneContacts">redirected</a>.</body></html>
    http_version: 
  recorded_at: Sun, 20 Nov 2016 19:01:04 GMT
- request:
    method: post
    uri: https://shard_id.meraki.com/api/v0/networks/N_613052499275828827/phoneContacts
    body:
      encoding: UTF-8
      string: '{"name":"API add_contact"}'
    headers:
      X-Cisco-Meraki-Api-Key:
      - dashboard_api_key
      Content-Type:
      - application/json
  response:
    status:
      code: 201
      message: Created
    headers:
      Server:
      - nginx
      Date:
      - Sun, 20 Nov 2016 19:01:05 GMT
      Content-Type:
      - application/json; charset=utf-8
      Transfer-Encoding:
      - chunked
      Connection:
      - keep-alive
      Cache-Control:
      - no-cache, no-store, max-age=0, must-revalidate
      Pragma:
      - no-cache
      Expires:
      - Fri, 01 Jan 1990 00:00:00 GMT
      X-Frame-Options:
      - sameorigin
      X-Ua-Compatible:
      - IE=Edge,chrome=1
      X-Request-Id:
      - 5f62b26460ae9ad17cf5d62d944f388e
      X-Runtime:
      - '0.111147'
      X-Rack-Cache:
      - invalidate, pass
      Strict-Transport-Security:
      - max-age=15552000; includeSubDomains
    body:
      encoding: UTF-8
      string: '{"id":613052499275808899,"name":"API add_contact","type":"Dashboard"}'
    http_version: 
  recorded_at: Sun, 20 Nov 2016 19:01:05 GMT
- request:
    method: get
    uri: https://dashboard.meraki.com/api/v0//organizations/dashboard_org_id/networks
    body:
      encoding: UTF-8
      string: 'null'
    headers:
      X-Cisco-Meraki-Api-Key:
      - dashboard_api_key
      Content-Type:
      - application/json
  response:
    status:
      code: 302
      message: Found
    headers:
      Server:
      - nginx
      Date:
      - Sun, 20 Nov 2016 19:01:05 GMT
      Content-Type:
      - text/html; charset=utf-8
      Transfer-Encoding:
      - chunked
      Connection:
      - keep-alive
      Cache-Control:
      - no-cache, no-store, max-age=0, must-revalidate
      Pragma:
      - no-cache
      Expires:
      - Fri, 01 Jan 1990 00:00:00 GMT
      X-Frame-Options:
      - sameorigin
      Location:
      - https://shard_id.meraki.com/api/v0/organizations/dashboard_org_id/networks
      X-Ua-Compatible:
      - IE=Edge,chrome=1
      X-Request-Id:
      - a55485713de25ad9ce09cb9ad98e4446
      X-Runtime:
      - '0.026154'
      X-Rack-Cache:
      - miss
      Strict-Transport-Security:
      - max-age=15552000; includeSubDomains
    body:
      encoding: UTF-8
      string: <html><body>You are being <a href="https://shard_id.meraki.com/api/v0/organizations/dashboard_org_id/networks">redirected</a>.</body></html>
    http_version: 
  recorded_at: Sun, 20 Nov 2016 19:01:05 GMT
- request:
    method: get
    uri: https://shard_id.meraki.com/api/v0/organizations/dashboard_org_id/networks
    body:
      encoding: UTF-8
      string: 'null'
    headers:
      X-Cisco-Meraki-Api-Key:
      - dashboard_api_key
      Content-Type:
      - application/json
  response:
    status:
      code: 200
      message: OK
    headers:
      Server:
      - nginx
      Date:
      - Sun, 20 Nov 2016 19:01:06 GMT
      Content-Type:
      - application/json
      Content-Length:
      - '305'
      Connection:
      - keep-alive
      Cache-Control:
      - no-cache
      Pragma:
      - no-cache
      Expires:
      - Fri, 01 Jan 1990 00:00:00 GMT
      X-Frame-Options:
      - sameorigin
      Last-Modified:
      - Sun, 20 Nov 2016 19:01:05 GMT
      X-Ua-Compatible:
      - IE=Edge,chrome=1
      X-Request-Id:
      - 972116a51cbc2c1391e84fc6c28baaca
      X-Runtime:
      - '0.021385'
      X-Content-Digest:
      - e09296060a3d6820109f8721ff77462f8c2f5b13
      Age:
      - '0'
      X-Rack-Cache:
      - stale, invalid, store
      Strict-Transport-Security:
      - max-age=15552000; includeSubDomains
    body:
      encoding: UTF-8
      string: '[{"id":"combined_network","name":"API Combined Network","timeZone":"America/Los_Angeles","tags":"","organizationId":"dashboard_org_id","type":"combined"},{"id":"N_613052499275828827","name":"DELETE
        ME","timeZone":"America/Los_Angeles","tags":"","organizationId":"dashboard_org_id","type":"phone"}]'
    http_version: 
  recorded_at: Sun, 20 Nov 2016 19:01:06 GMT
- request:
    method: delete
    uri: https://dashboard.meraki.com/api/v0//networks/N_613052499275828827
    body:
      encoding: UTF-8
      string: 'null'
    headers:
      X-Cisco-Meraki-Api-Key:
      - dashboard_api_key
      Content-Type:
      - application/json
  response:
    status:
      code: 308
      message: 
    headers:
      Server:
      - nginx
      Date:
      - Sun, 20 Nov 2016 19:01:06 GMT
      Content-Type:
      - text/html; charset=utf-8
      Transfer-Encoding:
      - chunked
      Connection:
      - keep-alive
      Cache-Control:
      - no-cache, no-store, max-age=0, must-revalidate
      Pragma:
      - no-cache
      Expires:
      - Fri, 01 Jan 1990 00:00:00 GMT
      X-Frame-Options:
      - sameorigin
      Location:
      - https://shard_id.meraki.com/api/v0/networks/N_613052499275828827
      X-Ua-Compatible:
      - IE=Edge,chrome=1
      X-Request-Id:
      - 0eb39f7fd2924457d804462640fb086b
      X-Runtime:
      - '0.022307'
      X-Rack-Cache:
      - invalidate, pass
    body:
      encoding: UTF-8
      string: <html><body>You are being <a href="https://shard_id.meraki.com/api/v0/networks/N_613052499275828827">redirected</a>.</body></html>
    http_version: 
  recorded_at: Sun, 20 Nov 2016 19:01:06 GMT
- request:
    method: delete
    uri: https://shard_id.meraki.com/api/v0/networks/N_613052499275828827
    body:
      encoding: UTF-8
      string: 'null'
    headers:
      X-Cisco-Meraki-Api-Key:
      - dashboard_api_key
      Content-Type:
      - application/json
  response:
    status:
      code: 204
      message: No Content
    headers:
      Server:
      - nginx
      Date:
      - Sun, 20 Nov 2016 19:01:06 GMT
      Connection:
      - keep-alive
      Cache-Control:
      - no-cache, no-store, max-age=0, must-revalidate
      Pragma:
      - no-cache
      Expires:
      - Fri, 01 Jan 1990 00:00:00 GMT
      X-Frame-Options:
      - sameorigin
      X-Ua-Compatible:
      - IE=Edge,chrome=1
      X-Request-Id:
      - c93b8be78e7dfac5bf7a76387e01de97
      X-Runtime:
      - '0.235629'
      X-Rack-Cache:
      - invalidate, pass
      Strict-Transport-Security:
      - max-age=15552000; includeSubDomains
    body:
      encoding: UTF-8
      string: ''
    http_version: 
  recorded_at: Sun, 20 Nov 2016 19:01:06 GMT
recorded_with: VCR 3.0.3
