---
http_interactions:
- request:
    method: post
    uri: https://dashboard.meraki.com/api/v0//organizations/dashboard_org_id/networks
    body:
      encoding: UTF-8
      string: '{"name":"DELETE ME","type":"appliance"}'
    headers:
      X-Cisco-Meraki-Api-Key:
      - dashboard_api_key
      Content-Type:
      - application/json
  response:
    status:
      code: 308
      message: 
    headers:
      Server:
      - nginx
      Date:
      - Sun, 20 Nov 2016 19:01:19 GMT
      Content-Type:
      - text/html; charset=utf-8
      Transfer-Encoding:
      - chunked
      Connection:
      - keep-alive
      Cache-Control:
      - no-cache, no-store, max-age=0, must-revalidate
      Pragma:
      - no-cache
      Expires:
      - Fri, 01 Jan 1990 00:00:00 GMT
      X-Frame-Options:
      - sameorigin
      Location:
      - https://shard_id.meraki.com/api/v0/organizations/dashboard_org_id/networks
      X-Ua-Compatible:
      - IE=Edge,chrome=1
      X-Request-Id:
      - 9493bb65b46694bc0966472d8e2c17ef
      X-Runtime:
      - '0.030185'
      X-Rack-Cache:
      - invalidate, pass
    body:
      encoding: UTF-8
      string: <html><body>You are being <a href="https://shard_id.meraki.com/api/v0/organizations/dashboard_org_id/networks">redirected</a>.</body></html>
    http_version: 
  recorded_at: Sun, 20 Nov 2016 19:01:19 GMT
- request:
    method: post
    uri: https://shard_id.meraki.com/api/v0/organizations/dashboard_org_id/networks
    body:
      encoding: UTF-8
      string: '{"name":"DELETE ME","type":"appliance"}'
    headers:
      X-Cisco-Meraki-Api-Key:
      - dashboard_api_key
      Content-Type:
      - application/json
  response:
    status:
      code: 201
      message: Created
    headers:
      Server:
      - nginx
      Date:
      - Sun, 20 Nov 2016 19:01:19 GMT
      Content-Type:
      - application/json; charset=utf-8
      Transfer-Encoding:
      - chunked
      Connection:
      - keep-alive
      Cache-Control:
      - no-cache, no-store, max-age=0, must-revalidate
      Pragma:
      - no-cache
      Expires:
      - Fri, 01 Jan 1990 00:00:00 GMT
      X-Frame-Options:
      - sameorigin
      X-Ua-Compatible:
      - IE=Edge,chrome=1
      X-Request-Id:
      - 5be05c13f7ab463f0be1b3b824c81851
      X-Runtime:
      - '0.277622'
      X-Rack-Cache:
      - invalidate, pass
      Strict-Transport-Security:
      - max-age=15552000; includeSubDomains
    body:
      encoding: UTF-8
      string: '{"id":"N_613052499275828832","organizationId":"dashboard_org_id","type":"appliance","name":"DELETE
        ME","timeZone":"America/Los_Angeles","tags":""}'
    http_version: 
  recorded_at: Sun, 20 Nov 2016 19:01:19 GMT
- request:
    method: post
    uri: https://dashboard.meraki.com/api/v0//organizations/dashboard_org_id/networks
    body:
      encoding: UTF-8
      string: '{"name":"DELETE ME","type":"switch"}'
    headers:
      X-Cisco-Meraki-Api-Key:
      - dashboard_api_key
      Content-Type:
      - application/json
  response:
    status:
      code: 308
      message: 
    headers:
      Server:
      - nginx
      Date:
      - Sun, 20 Nov 2016 19:01:19 GMT
      Content-Type:
      - text/html; charset=utf-8
      Transfer-Encoding:
      - chunked
      Connection:
      - keep-alive
      Cache-Control:
      - no-cache, no-store, max-age=0, must-revalidate
      Pragma:
      - no-cache
      Expires:
      - Fri, 01 Jan 1990 00:00:00 GMT
      X-Frame-Options:
      - sameorigin
      Location:
      - https://shard_id.meraki.com/api/v0/organizations/dashboard_org_id/networks
      X-Ua-Compatible:
      - IE=Edge,chrome=1
      X-Request-Id:
      - 38b39b1261df418e93c3a17dad1ad385
      X-Runtime:
      - '0.028121'
      X-Rack-Cache:
      - invalidate, pass
    body:
      encoding: UTF-8
      string: <html><body>You are being <a href="https://shard_id.meraki.com/api/v0/organizations/dashboard_org_id/networks">redirected</a>.</body></html>
    http_version: 
  recorded_at: Sun, 20 Nov 2016 19:01:19 GMT
- request:
    method: post
    uri: https://shard_id.meraki.com/api/v0/organizations/dashboard_org_id/networks
    body:
      encoding: UTF-8
      string: '{"name":"DELETE ME","type":"switch"}'
    headers:
      X-Cisco-Meraki-Api-Key:
      - dashboard_api_key
      Content-Type:
      - application/json
  response:
    status:
      code: 400
      message: Bad Request
    headers:
      Server:
      - nginx
      Date:
      - Sun, 20 Nov 2016 19:01:20 GMT
      Content-Type:
      - application/json; charset=utf-8
      Transfer-Encoding:
      - chunked
      Connection:
      - keep-alive
      Cache-Control:
      - no-cache, no-store, max-age=0, must-revalidate
      Pragma:
      - no-cache
      Expires:
      - Fri, 01 Jan 1990 00:00:00 GMT
      X-Frame-Options:
      - sameorigin
      X-Ua-Compatible:
      - IE=Edge,chrome=1
      X-Request-Id:
      - ee55eace86260e1003545af74ff04db8
      X-Runtime:
      - '0.053204'
      X-Rack-Cache:
      - invalidate, pass
    body:
      encoding: UTF-8
      string: '{"errors":["Validation failed: Name has already been taken"]}'
    http_version: 
  recorded_at: Sun, 20 Nov 2016 19:01:20 GMT
- request:
    method: get
    uri: https://dashboard.meraki.com/api/v0//organizations/dashboard_org_id/networks
    body:
      encoding: UTF-8
      string: 'null'
    headers:
      X-Cisco-Meraki-Api-Key:
      - dashboard_api_key
      Content-Type:
      - application/json
  response:
    status:
      code: 302
      message: Found
    headers:
      Server:
      - nginx
      Date:
      - Sun, 20 Nov 2016 19:01:20 GMT
      Content-Type:
      - text/html; charset=utf-8
      Transfer-Encoding:
      - chunked
      Connection:
      - keep-alive
      Cache-Control:
      - no-cache, no-store, max-age=0, must-revalidate
      Pragma:
      - no-cache
      Expires:
      - Fri, 01 Jan 1990 00:00:00 GMT
      X-Frame-Options:
      - sameorigin
      Location:
      - https://shard_id.meraki.com/api/v0/organizations/dashboard_org_id/networks
      X-Ua-Compatible:
      - IE=Edge,chrome=1
      X-Request-Id:
      - 15025f18ac2cba50359213fd6973fc63
      X-Runtime:
      - '0.029740'
      X-Rack-Cache:
      - miss
      Strict-Transport-Security:
      - max-age=15552000; includeSubDomains
    body:
      encoding: UTF-8
      string: <html><body>You are being <a href="https://shard_id.meraki.com/api/v0/organizations/dashboard_org_id/networks">redirected</a>.</body></html>
    http_version: 
  recorded_at: Sun, 20 Nov 2016 19:01:20 GMT
- request:
    method: get
    uri: https://shard_id.meraki.com/api/v0/organizations/dashboard_org_id/networks
    body:
      encoding: UTF-8
      string: 'null'
    headers:
      X-Cisco-Meraki-Api-Key:
      - dashboard_api_key
      Content-Type:
      - application/json
  response:
    status:
      code: 200
      message: OK
    headers:
      Server:
      - nginx
      Date:
      - Sun, 20 Nov 2016 19:01:20 GMT
      Content-Type:
      - application/json
      Content-Length:
      - '309'
      Connection:
      - keep-alive
      Cache-Control:
      - no-cache
      Pragma:
      - no-cache
      Expires:
      - Fri, 01 Jan 1990 00:00:00 GMT
      X-Frame-Options:
      - sameorigin
      Last-Modified:
      - Sun, 20 Nov 2016 19:01:20 GMT
      X-Ua-Compatible:
      - IE=Edge,chrome=1
      X-Request-Id:
      - 7ff96220ee4bae9338df1ad49295f258
      X-Runtime:
      - '0.034891'
      X-Content-Digest:
      - 0b36a73282e488b85bfa8988a313e558d5d98b5a
      Age:
      - '0'
      X-Rack-Cache:
      - stale, invalid, store
      Strict-Transport-Security:
      - max-age=15552000; includeSubDomains
    body:
      encoding: UTF-8
      string: '[{"id":"combined_network","name":"API Combined Network","timeZone":"America/Los_Angeles","tags":"","organizationId":"dashboard_org_id","type":"combined"},{"id":"N_613052499275828832","name":"DELETE
        ME","timeZone":"America/Los_Angeles","tags":"","organizationId":"dashboard_org_id","type":"appliance"}]'
    http_version: 
  recorded_at: Sun, 20 Nov 2016 19:01:20 GMT
- request:
    method: delete
    uri: https://dashboard.meraki.com/api/v0//networks/N_613052499275828832
    body:
      encoding: UTF-8
      string: 'null'
    headers:
      X-Cisco-Meraki-Api-Key:
      - dashboard_api_key
      Content-Type:
      - application/json
  response:
    status:
      code: 308
      message: 
    headers:
      Server:
      - nginx
      Date:
      - Sun, 20 Nov 2016 19:01:20 GMT
      Content-Type:
      - text/html; charset=utf-8
      Transfer-Encoding:
      - chunked
      Connection:
      - keep-alive
      Cache-Control:
      - no-cache, no-store, max-age=0, must-revalidate
      Pragma:
      - no-cache
      Expires:
      - Fri, 01 Jan 1990 00:00:00 GMT
      X-Frame-Options:
      - sameorigin
      Location:
      - https://shard_id.meraki.com/api/v0/networks/N_613052499275828832
      X-Ua-Compatible:
      - IE=Edge,chrome=1
      X-Request-Id:
      - 947038b6ec5a58c2f8202984f3421b81
      X-Runtime:
      - '0.026727'
      X-Rack-Cache:
      - invalidate, pass
    body:
      encoding: UTF-8
      string: <html><body>You are being <a href="https://shard_id.meraki.com/api/v0/networks/N_613052499275828832">redirected</a>.</body></html>
    http_version: 
  recorded_at: Sun, 20 Nov 2016 19:01:20 GMT
- request:
    method: delete
    uri: https://shard_id.meraki.com/api/v0/networks/N_613052499275828832
    body:
      encoding: UTF-8
      string: 'null'
    headers:
      X-Cisco-Meraki-Api-Key:
      - dashboard_api_key
      Content-Type:
      - application/json
  response:
    status:
      code: 204
      message: No Content
    headers:
      Server:
      - nginx
      Date:
      - Sun, 20 Nov 2016 19:01:21 GMT
      Connection:
      - keep-alive
      Cache-Control:
      - no-cache, no-store, max-age=0, must-revalidate
      Pragma:
      - no-cache
      Expires:
      - Fri, 01 Jan 1990 00:00:00 GMT
      X-Frame-Options:
      - sameorigin
      X-Ua-Compatible:
      - IE=Edge,chrome=1
      X-Request-Id:
      - fd5be28d54602cf3daac632299f7e9c5
      X-Runtime:
      - '0.571698'
      X-Rack-Cache:
      - invalidate, pass
      Strict-Transport-Security:
      - max-age=15552000; includeSubDomains
    body:
      encoding: UTF-8
      string: ''
    http_version: 
  recorded_at: Sun, 20 Nov 2016 19:01:21 GMT
- request:
    method: post
    uri: https://dashboard.meraki.com/api/v0//organizations/dashboard_org_id/networks
    body:
      encoding: UTF-8
      string: '{"name":"DELETE ME","type":"switch"}'
    headers:
      X-Cisco-Meraki-Api-Key:
      - dashboard_api_key
      Content-Type:
      - application/json
  response:
    status:
      code: 308
      message: 
    headers:
      Server:
      - nginx
      Date:
      - Sun, 20 Nov 2016 19:01:21 GMT
      Content-Type:
      - text/html; charset=utf-8
      Transfer-Encoding:
      - chunked
      Connection:
      - keep-alive
      Cache-Control:
      - no-cache, no-store, max-age=0, must-revalidate
      Pragma:
      - no-cache
      Expires:
      - Fri, 01 Jan 1990 00:00:00 GMT
      X-Frame-Options:
      - sameorigin
      Location:
      - https://shard_id.meraki.com/api/v0/organizations/dashboard_org_id/networks
      X-Ua-Compatible:
      - IE=Edge,chrome=1
      X-Request-Id:
      - 1393773b1d66d8d75de26b1b457c339c
      X-Runtime:
      - '0.026220'
      X-Rack-Cache:
      - invalidate, pass
    body:
      encoding: UTF-8
      string: <html><body>You are being <a href="https://shard_id.meraki.com/api/v0/organizations/dashboard_org_id/networks">redirected</a>.</body></html>
    http_version: 
  recorded_at: Sun, 20 Nov 2016 19:01:21 GMT
- request:
    method: post
    uri: https://shard_id.meraki.com/api/v0/organizations/dashboard_org_id/networks
    body:
      encoding: UTF-8
      string: '{"name":"DELETE ME","type":"switch"}'
    headers:
      X-Cisco-Meraki-Api-Key:
      - dashboard_api_key
      Content-Type:
      - application/json
  response:
    status:
      code: 201
      message: Created
    headers:
      Server:
      - nginx
      Date:
      - Sun, 20 Nov 2016 19:01:22 GMT
      Content-Type:
      - application/json; charset=utf-8
      Transfer-Encoding:
      - chunked
      Connection:
      - keep-alive
      Cache-Control:
      - no-cache, no-store, max-age=0, must-revalidate
      Pragma:
      - no-cache
      Expires:
      - Fri, 01 Jan 1990 00:00:00 GMT
      X-Frame-Options:
      - sameorigin
      X-Ua-Compatible:
      - IE=Edge,chrome=1
      X-Request-Id:
      - 99344b8303267aab357bec4cb1e2e035
      X-Runtime:
      - '0.124773'
      X-Rack-Cache:
      - invalidate, pass
      Strict-Transport-Security:
      - max-age=15552000; includeSubDomains
    body:
      encoding: UTF-8
      string: '{"id":"N_613052499275828833","organizationId":"dashboard_org_id","type":"switch","name":"DELETE
        ME","timeZone":"America/Los_Angeles","tags":""}'
    http_version: 
  recorded_at: Sun, 20 Nov 2016 19:01:22 GMT
- request:
    method: get
    uri: https://dashboard.meraki.com/api/v0//organizations/dashboard_org_id/configTemplates
    body:
      encoding: UTF-8
      string: 'null'
    headers:
      X-Cisco-Meraki-Api-Key:
      - dashboard_api_key
      Content-Type:
      - application/json
  response:
    status:
      code: 302
      message: Found
    headers:
      Server:
      - nginx
      Date:
      - Sun, 20 Nov 2016 19:01:22 GMT
      Content-Type:
      - text/html; charset=utf-8
      Transfer-Encoding:
      - chunked
      Connection:
      - keep-alive
      Cache-Control:
      - no-cache, no-store, max-age=0, must-revalidate
      Pragma:
      - no-cache
      Expires:
      - Fri, 01 Jan 1990 00:00:00 GMT
      X-Frame-Options:
      - sameorigin
      Location:
      - https://shard_id.meraki.com/api/v0/organizations/dashboard_org_id/configTemplates
      X-Ua-Compatible:
      - IE=Edge,chrome=1
      X-Request-Id:
      - a2492d00153c9d7ad3d29938c5153c69
      X-Runtime:
      - '0.024997'
      X-Rack-Cache:
      - miss
      Strict-Transport-Security:
      - max-age=15552000; includeSubDomains
    body:
      encoding: UTF-8
      string: <html><body>You are being <a href="https://shard_id.meraki.com/api/v0/organizations/dashboard_org_id/configTemplates">redirected</a>.</body></html>
    http_version: 
  recorded_at: Sun, 20 Nov 2016 19:01:22 GMT
- request:
    method: get
    uri: https://shard_id.meraki.com/api/v0/organizations/dashboard_org_id/configTemplates
    body:
      encoding: UTF-8
      string: 'null'
    headers:
      X-Cisco-Meraki-Api-Key:
      - dashboard_api_key
      Content-Type:
      - application/json
  response:
    status:
      code: 200
      message: OK
    headers:
      Server:
      - nginx
      Date:
      - Sun, 20 Nov 2016 19:01:22 GMT
      Content-Type:
      - application/json; charset=utf-8
      Transfer-Encoding:
      - chunked
      Connection:
      - keep-alive
      Vary:
      - Accept-Encoding
      Cache-Control:
      - no-cache, no-store, max-age=0, must-revalidate
      Pragma:
      - no-cache
      Expires:
      - Fri, 01 Jan 1990 00:00:00 GMT
      X-Frame-Options:
      - sameorigin
      X-Ua-Compatible:
      - IE=Edge,chrome=1
      X-Request-Id:
      - 6bf8c4d6b8387503f2f3aa93846adb1d
      X-Runtime:
      - '0.180050'
      X-Rack-Cache:
      - miss
      Strict-Transport-Security:
      - max-age=15552000; includeSubDomains
    body:
      encoding: UTF-8
      string: '[{"id":"L_613052499275810978","name":"API Permanent"}]'
    http_version: 
  recorded_at: Sun, 20 Nov 2016 19:01:22 GMT
- request:
    method: post
    uri: https://dashboard.meraki.com/api/v0//networks/N_613052499275828833/bind
    body:
      encoding: UTF-8
      string: '{"configTemplateId":"L_613052499275810978"}'
    headers:
      X-Cisco-Meraki-Api-Key:
      - dashboard_api_key
      Content-Type:
      - application/json
  response:
    status:
      code: 308
      message: 
    headers:
      Server:
      - nginx
      Date:
      - Sun, 20 Nov 2016 19:01:23 GMT
      Content-Type:
      - text/html; charset=utf-8
      Transfer-Encoding:
      - chunked
      Connection:
      - keep-alive
      Cache-Control:
      - no-cache, no-store, max-age=0, must-revalidate
      Pragma:
      - no-cache
      Expires:
      - Fri, 01 Jan 1990 00:00:00 GMT
      X-Frame-Options:
      - sameorigin
      Location:
      - https://shard_id.meraki.com/api/v0/networks/N_613052499275828833/bind
      X-Ua-Compatible:
      - IE=Edge,chrome=1
      X-Request-Id:
      - 50949e91c4e3c3ed894c04396c79aa89
      X-Runtime:
      - '0.032017'
      X-Rack-Cache:
      - invalidate, pass
    body:
      encoding: UTF-8
      string: <html><body>You are being <a href="https://shard_id.meraki.com/api/v0/networks/N_613052499275828833/bind">redirected</a>.</body></html>
    http_version: 
  recorded_at: Sun, 20 Nov 2016 19:01:23 GMT
- request:
    method: post
    uri: https://shard_id.meraki.com/api/v0/networks/N_613052499275828833/bind
    body:
      encoding: UTF-8
      string: '{"configTemplateId":"L_613052499275810978"}'
    headers:
      X-Cisco-Meraki-Api-Key:
      - dashboard_api_key
      Content-Type:
      - application/json
  response:
    status:
      code: 200
      message: OK
    headers:
      Server:
      - nginx
      Date:
      - Sun, 20 Nov 2016 19:01:23 GMT
      Content-Type:
      - text/html; charset=utf-8
      Transfer-Encoding:
      - chunked
      Connection:
      - keep-alive
      Vary:
      - Accept-Encoding
      Cache-Control:
      - no-cache, no-store, max-age=0, must-revalidate
      Pragma:
      - no-cache
      Expires:
      - Fri, 01 Jan 1990 00:00:00 GMT
      X-Frame-Options:
      - sameorigin
      X-Ua-Compatible:
      - IE=Edge,chrome=1
      X-Request-Id:
      - 0ab78a15170fba9b23149a3b7cbb6361
      X-Runtime:
      - '0.080177'
      X-Rack-Cache:
      - invalidate, pass
      Strict-Transport-Security:
      - max-age=15552000; includeSubDomains
    body:
      encoding: UTF-8
      string: " "
    http_version: 
  recorded_at: Sun, 20 Nov 2016 19:01:23 GMT
- request:
    method: post
    uri: https://dashboard.meraki.com/api/v0//networks/N_613052499275828833/unbind
    body:
      encoding: UTF-8
      string: 'null'
    headers:
      X-Cisco-Meraki-Api-Key:
      - dashboard_api_key
      Content-Type:
      - application/json
  response:
    status:
      code: 308
      message: 
    headers:
      Server:
      - nginx
      Date:
      - Sun, 20 Nov 2016 19:01:23 GMT
      Content-Type:
      - text/html; charset=utf-8
      Transfer-Encoding:
      - chunked
      Connection:
      - keep-alive
      Cache-Control:
      - no-cache, no-store, max-age=0, must-revalidate
      Pragma:
      - no-cache
      Expires:
      - Fri, 01 Jan 1990 00:00:00 GMT
      X-Frame-Options:
      - sameorigin
      Location:
      - https://shard_id.meraki.com/api/v0/networks/N_613052499275828833/unbind
      X-Ua-Compatible:
      - IE=Edge,chrome=1
      X-Request-Id:
      - 1e9b146acceb352873a9a99b2bb10871
      X-Runtime:
      - '0.029041'
      X-Rack-Cache:
      - invalidate, pass
    body:
      encoding: UTF-8
      string: <html><body>You are being <a href="https://shard_id.meraki.com/api/v0/networks/N_613052499275828833/unbind">redirected</a>.</body></html>
    http_version: 
  recorded_at: Sun, 20 Nov 2016 19:01:23 GMT
- request:
    method: post
    uri: https://shard_id.meraki.com/api/v0/networks/N_613052499275828833/unbind
    body:
      encoding: UTF-8
      string: 'null'
    headers:
      X-Cisco-Meraki-Api-Key:
      - dashboard_api_key
      Content-Type:
      - application/json
  response:
    status:
      code: 200
      message: OK
    headers:
      Server:
      - nginx
      Date:
      - Sun, 20 Nov 2016 19:01:23 GMT
      Content-Type:
      - text/html; charset=utf-8
      Transfer-Encoding:
      - chunked
      Connection:
      - keep-alive
      Vary:
      - Accept-Encoding
      Cache-Control:
      - no-cache, no-store, max-age=0, must-revalidate
      Pragma:
      - no-cache
      Expires:
      - Fri, 01 Jan 1990 00:00:00 GMT
      X-Frame-Options:
      - sameorigin
      X-Ua-Compatible:
      - IE=Edge,chrome=1
      X-Request-Id:
      - 6e22c82b802776cfbc4f48626fc944dd
      X-Runtime:
      - '0.071136'
      X-Rack-Cache:
      - invalidate, pass
      Strict-Transport-Security:
      - max-age=15552000; includeSubDomains
    body:
      encoding: UTF-8
      string: " "
    http_version: 
  recorded_at: Sun, 20 Nov 2016 19:01:23 GMT
- request:
    method: get
    uri: https://dashboard.meraki.com/api/v0//organizations/dashboard_org_id/networks
    body:
      encoding: UTF-8
      string: 'null'
    headers:
      X-Cisco-Meraki-Api-Key:
      - dashboard_api_key
      Content-Type:
      - application/json
  response:
    status:
      code: 302
      message: Found
    headers:
      Server:
      - nginx
      Date:
      - Sun, 20 Nov 2016 19:01:24 GMT
      Content-Type:
      - text/html; charset=utf-8
      Transfer-Encoding:
      - chunked
      Connection:
      - keep-alive
      Cache-Control:
      - no-cache, no-store, max-age=0, must-revalidate
      Pragma:
      - no-cache
      Expires:
      - Fri, 01 Jan 1990 00:00:00 GMT
      X-Frame-Options:
      - sameorigin
      Location:
      - https://shard_id.meraki.com/api/v0/organizations/dashboard_org_id/networks
      X-Ua-Compatible:
      - IE=Edge,chrome=1
      X-Request-Id:
      - 52312a76e46276512caa0c0c09599338
      X-Runtime:
      - '0.032290'
      X-Rack-Cache:
      - miss
      Strict-Transport-Security:
      - max-age=15552000; includeSubDomains
    body:
      encoding: UTF-8
      string: <html><body>You are being <a href="https://shard_id.meraki.com/api/v0/organizations/dashboard_org_id/networks">redirected</a>.</body></html>
    http_version: 
  recorded_at: Sun, 20 Nov 2016 19:01:24 GMT
- request:
    method: get
    uri: https://shard_id.meraki.com/api/v0/organizations/dashboard_org_id/networks
    body:
      encoding: UTF-8
      string: 'null'
    headers:
      X-Cisco-Meraki-Api-Key:
      - dashboard_api_key
      Content-Type:
      - application/json
  response:
    status:
      code: 200
      message: OK
    headers:
      Server:
      - nginx
      Date:
      - Sun, 20 Nov 2016 19:01:24 GMT
      Content-Type:
      - application/json
      Content-Length:
      - '306'
      Connection:
      - keep-alive
      Cache-Control:
      - no-cache
      Pragma:
      - no-cache
      Expires:
      - Fri, 01 Jan 1990 00:00:00 GMT
      X-Frame-Options:
      - sameorigin
      Last-Modified:
      - Sun, 20 Nov 2016 19:01:24 GMT
      X-Ua-Compatible:
      - IE=Edge,chrome=1
      X-Request-Id:
      - 1cc543f27647e63fe979d7d526582bda
      X-Runtime:
      - '0.023925'
      X-Content-Digest:
      - 325e04d1b5c0c999d82480b77b1fc8f78f5aae56
      Age:
      - '0'
      X-Rack-Cache:
      - stale, invalid, store
      Strict-Transport-Security:
      - max-age=15552000; includeSubDomains
    body:
      encoding: UTF-8
      string: '[{"id":"combined_network","name":"API Combined Network","timeZone":"America/Los_Angeles","tags":"","organizationId":"dashboard_org_id","type":"combined"},{"id":"N_613052499275828833","name":"DELETE
        ME","timeZone":"America/Los_Angeles","tags":"","organizationId":"dashboard_org_id","type":"switch"}]'
    http_version: 
  recorded_at: Sun, 20 Nov 2016 19:01:24 GMT
- request:
    method: delete
    uri: https://dashboard.meraki.com/api/v0//networks/N_613052499275828833
    body:
      encoding: UTF-8
      string: 'null'
    headers:
      X-Cisco-Meraki-Api-Key:
      - dashboard_api_key
      Content-Type:
      - application/json
  response:
    status:
      code: 308
      message: 
    headers:
      Server:
      - nginx
      Date:
      - Sun, 20 Nov 2016 19:01:24 GMT
      Content-Type:
      - text/html; charset=utf-8
      Transfer-Encoding:
      - chunked
      Connection:
      - keep-alive
      Cache-Control:
      - no-cache, no-store, max-age=0, must-revalidate
      Pragma:
      - no-cache
      Expires:
      - Fri, 01 Jan 1990 00:00:00 GMT
      X-Frame-Options:
      - sameorigin
      Location:
      - https://shard_id.meraki.com/api/v0/networks/N_613052499275828833
      X-Ua-Compatible:
      - IE=Edge,chrome=1
      X-Request-Id:
      - f13ca15f9396abfd0a8f5e71cc3ec8fd
      X-Runtime:
      - '0.030165'
      X-Rack-Cache:
      - invalidate, pass
    body:
      encoding: UTF-8
      string: <html><body>You are being <a href="https://shard_id.meraki.com/api/v0/networks/N_613052499275828833">redirected</a>.</body></html>
    http_version: 
  recorded_at: Sun, 20 Nov 2016 19:01:24 GMT
- request:
    method: delete
    uri: https://shard_id.meraki.com/api/v0/networks/N_613052499275828833
    body:
      encoding: UTF-8
      string: 'null'
    headers:
      X-Cisco-Meraki-Api-Key:
      - dashboard_api_key
      Content-Type:
      - application/json
  response:
    status:
      code: 204
      message: No Content
    headers:
      Server:
      - nginx
      Date:
      - Sun, 20 Nov 2016 19:01:24 GMT
      Connection:
      - keep-alive
      Cache-Control:
      - no-cache, no-store, max-age=0, must-revalidate
      Pragma:
      - no-cache
      Expires:
      - Fri, 01 Jan 1990 00:00:00 GMT
      X-Frame-Options:
      - sameorigin
      X-Ua-Compatible:
      - IE=Edge,chrome=1
      X-Request-Id:
      - d5bd65f129b04b44444cb0b81dffcd87
      X-Runtime:
      - '0.207640'
      X-Rack-Cache:
      - invalidate, pass
      Strict-Transport-Security:
      - max-age=15552000; includeSubDomains
    body:
      encoding: UTF-8
      string: ''
    http_version: 
  recorded_at: Sun, 20 Nov 2016 19:01:24 GMT
recorded_with: VCR 3.0.3
